// Jest Snapshot v1, https://goo.gl/fbAQLP

exports[`App component renders App 1`] = `
<DocumentFragment>
  <div
    style="background-color: rgb(238, 238, 238); color: rgb(0, 0, 0);"
  >
    <label>
       Light Theme 
    </label>
    <input
      name="theme"
      type="radio"
      value="light"
    />
    <label>
       Dark Theme
    </label>
    <input
      name="theme"
      type="radio"
      value="dark"
    />
    <ul
      style="list-style: none;"
    >
       
    </ul>
  </div>
   
</DocumentFragment>
`;
